// Jest Snapshot v1, https://goo.gl/fbAQLP

exports[`fetches single launch 1`] = `
Object {
  "data": Object {
    "transactionSuspicious": Array [
      Object {
        "amount": 100,
        "currency": "USD",
        "id": 1,
        "locale": "en-US",
        "recipient": "Rafa",
        "sender": "John",
      },
      Object {
        "amount": 100,
        "currency": "EUR",
        "id": 2,
        "locale": "de-DE",
        "recipient": "Rafa",
        "sender": "John",
      },
    ],
  },
  "errors": undefined,
  "extensions": undefined,
  "http": Object {
    "headers": Headers {
      Symbol(map): Object {},
    },
  },
}
`;
